 .MML file --> .M file Compiler ver 4.8s
		Programmed by M.Kajihara(KAJA) 2023/09/23

Part A	Length : 144
Part B	Length : 144
Part C	Length : 144
Part D	Length : 144
Part E	Length : 144
Compile Completed.
