 .MML file --> .M file Compiler ver 4.8s
		Programmed by M.Kajihara(KAJA) 2023/09/23

Part A	Length : 192
Compile Completed.
